******************************************************************************
                  TMS470 Linker PC v4.9.5                      
******************************************************************************
>> Linked Sun Nov 08 15:41:52 2015

OUTPUT FILE NAME:   <timers.out>
ENTRY POINT SYMBOL: "_c_int00"  address: 000010e5


MEMORY CONFIGURATION

         name            origin    length      used     unused   attr    fill
----------------------  --------  ---------  --------  --------  ----  --------
  FLASH                 00000000   00040000  00001e8b  0003e175  R  X
  SRAM                  20000000   00010000  00000454  0000fbac  RW X


SEGMENT ALLOCATION MAP

run origin  load origin   length   init length attrs members
----------  ----------- ---------- ----------- ----- -------
00000000    00000000    00001e90   00001e90    r-x
  00000000    00000000    000000f0   000000f0    r-- .intvecs
  000000f0    000000f0    0000129c   0000129c    r-x .text
  0000138c    0000138c    00000ab7   00000ab7    r-- .const
  00001e48    00001e48    00000048   00000048    r-- .cinit
20000000    20000000    00000400   00000000    rw-
  20000000    20000000    00000200   00000000    rw- .stack
  20000200    20000200    00000200   00000000    rw- .sysmem
20000400    20000400    00000054   0000003c    rw-
  20000400    20000400    0000003c   0000003c    rw- .data
  2000043c    2000043c    00000018   00000000    rw- .bss


SECTION ALLOCATION MAP

 output                                  attributes/
section   page    origin      length       input sections
--------  ----  ----------  ----------   ----------------
.intvecs   0    00000000    000000f0     
                  00000000    000000f0     startup_ccs.obj (.intvecs)

.init_array 
*          0    00000000    00000000     UNINITIALIZED

.text      0    000000f0    0000129c     
                  000000f0    000001e4     timers.obj (.text:main)
                  000002d4    00000198     driverlib-cm3.lib : sysctl.obj (.text:SysCtlClockGet)
                  0000046c    00000144     rit128x96x4.obj (.text:RIT128x96x4StringDraw)
                  000005b0    00000144     driverlib-cm3.lib : sysctl.obj (.text:SysCtlClockSet)
                  000006f4    00000144     timers.obj (.text:Timer0IntHandler)
                  00000838    000000f0     audio.obj (.text:AudioHandler)
                  00000928    000000c8     driverlib-cm3.lib : gpio.obj (.text:GPIOPadConfigSet)
                  000009f0    000000c0     rit128x96x4.obj (.text:RIT128x96x4Init)
                  00000ab0    0000009c     rtsv7M3_T_le_eabi.lib : memcpy_t2.obj (.text)
                  00000b4c    00000098     rit128x96x4.obj (.text:RIT128x96x4ImageDraw)
                  00000be4    00000094     rit128x96x4.obj (.text:RITWriteCommand)
                  00000c78    00000094     rit128x96x4.obj (.text:RITWriteData)
                  00000d0c    00000094     rtsv7M3_T_le_eabi.lib : auto_init.obj (.text)
                  00000da0    00000070     rit128x96x4.obj (.text:RIT128x96x4Clear)
                  00000e10    00000064     driverlib-cm3.lib : interrupt.obj (.text:IntEnable)
                  00000e74    00000064     rit128x96x4.obj (.text:RIT128x96x4Enable)
                  00000ed8    0000005e     rtsv7M3_T_le_eabi.lib : copy_decompress_rle.obj (.text)
                  00000f36    00000002     startup_ccs.obj (.text:FaultISR)
                  00000f38    00000058     driverlib-cm3.lib : sysctl.obj (.text:SysCtlPeripheralEnable)
                  00000f90    00000048     rtsv7M3_T_le_eabi.lib : cpy_tbl.obj (.text)
                  00000fd8    00000044     driverlib-cm3.lib : ssi.obj (.text:SSIConfigSetExpClk)
                  0000101c    00000044     rtsv7M3_T_le_eabi.lib : exit.obj (.text)
                  00001060    00000042     timers.obj (.text:ValidButtonCombo)
                  000010a2    00000002     startup_ccs.obj (.text:IntDefaultHandler)
                  000010a4    00000040     audio.obj (.text:AudioMute)
                  000010e4    00000034     rtsv7M3_T_le_eabi.lib : boot.obj (.text)
                  00001118    00000030     audio.obj (.text:AudioOn)
                  00001148    0000002e     driverlib-cm3.lib : gpio.obj (.text:GPIODirModeSet)
                  00001176    00000028                       : pwm.obj (.text:PWMGenConfigure)
                  0000119e    00000002     startup_ccs.obj (.text:NmiSR)
                  000011a0    00000024     driverlib-cm3.lib : timer.obj (.text:TimerConfigure)
                  000011c4    00000018     timers.obj (.text:ButtonChanged)
                  000011dc    00000018     rtsv7M3_T_le_eabi.lib : _lock.obj (.text)
                  000011f4    00000018                           : args_main.obj (.text)
                  0000120c    00000016     driverlib-cm3.lib : pwm.obj (.text:PWMOutputInvert)
                  00001222    00000016                       : pwm.obj (.text:PWMOutputState)
                  00001238    00000014                       : pwm.obj (.text:PWMGenPeriodSet)
                  0000124c    00000014                       : sysctl.obj (.text:SysCtlPWMClockSet)
                  00001260    00000012                       : gpio.obj (.text:GPIOPinTypeGPIOInput)
                  00001272    00000012                       : gpio.obj (.text:GPIOPinTypeGPIOOutput)
                  00001284    00000012                       : gpio.obj (.text:GPIOPinTypePWM)
                  00001296    00000012                       : gpio.obj (.text:GPIOPinTypeSSI)
                  000012a8    00000012                       : timer.obj (.text:TimerLoadSet)
                  000012ba    00000012     rtsv7M3_T_le_eabi.lib : copy_zero_init.obj (.text:decompress:ZI)
                  000012cc    00000010     rit128x96x4.obj (.text:RIT128x96x4DisplayOff)
                  000012dc    0000000e     driverlib-cm3.lib : timer.obj (.text:TimerEnable)
                  000012ea    0000000e     rtsv7M3_T_le_eabi.lib : copy_decompress_none.obj (.text:decompress:none)
                  000012f8    0000000c     driverlib-cm3.lib : cpu.obj (.text:CPUcpsid)
                  00001304    0000000c                       : cpu.obj (.text:CPUcpsie)
                  00001310    0000000a                       : interrupt.obj (.text:IntMasterDisable)
                  0000131a    0000000a                       : interrupt.obj (.text:IntMasterEnable)
                  00001324    0000000a                       : pwm.obj (.text:PWMGenDisable)
                  0000132e    0000000a                       : pwm.obj (.text:PWMGenEnable)
                  00001338    0000000a                       : ssi.obj (.text:SSIDataPut)
                  00001342    0000000a                       : ssi.obj (.text:SSIDisable)
                  0000134c    0000000a                       : ssi.obj (.text:SSIEnable)
                  00001356    00000008                       : ssi.obj (.text:SSIBusy)
                  0000135e    00000008                       : timer.obj (.text:TimerIntEnable)
                  00001366    00000006                       : gpio.obj (.text:GPIOPinRead)
                  0000136c    00000006                       : gpio.obj (.text:GPIOPinWrite)
                  00001372    00000006     startup_ccs.obj (.text:ResetISR)
                  00001378    00000006     driverlib-cm3.lib : sysctl.obj (.text:SysCtlDelay)
                  0000137e    00000006     rtsv7M3_T_le_eabi.lib : copy_decompress_rle.obj (.text:decompress:rle24)
                  00001384    00000004     driverlib-cm3.lib : pwm.obj (.text:PWMSyncUpdate)
                  00001388    00000004                       : timer.obj (.text:TimerIntClear)

.const     0    0000138c    00000ab7     
                  0000138c    00000756     graphics.obj (.const:logo)
                  00001ae2    00000002     --HOLE-- [fill = 0]
                  00001ae4    000001e0     rit128x96x4.obj (.const:g_pucFont)
                  00001cc4    00000070     driverlib-cm3.lib : interrupt.obj (.const)
                  00001d34    0000006c                       : sysctl.obj (.const:g_pulXtals)
                  00001da0    0000004f     rit128x96x4.obj (.const:g_pucRIT128x96x4Init)
                  00001def    00000001     --HOLE-- [fill = 0]
                  00001df0    00000040     driverlib-cm3.lib : sysctl.obj (.const)
                  00001e30    0000000c     rit128x96x4.obj (.const)
                  00001e3c    00000007     timers.obj (.const)

.cinit     0    00001e48    00000048     
                  00001e48    0000001d     (.cinit..data.load) [load image, compression = rle]
                  00001e65    00000003     --HOLE-- [fill = 0]
                  00001e68    0000000c     (__TI_handler_table)
                  00001e74    00000004     --HOLE-- [fill = 0]
                  00001e78    00000008     (.cinit..bss.load) [load image, compression = zero_init]
                  00001e80    00000010     (__TI_cinit_table)

.stack     0    20000000    00000200     UNINITIALIZED
                  20000000    00000200     --HOLE--

.sysmem    0    20000200    00000200     UNINITIALIZED
                  20000200    00000008     rtsv7M3_T_le_eabi.lib : memory.obj (.sysmem)
                  20000208    000001f8     --HOLE--

.data      0    20000400    0000003c     
                  20000400    0000001c     timers.obj (.data)
                  2000041c    0000000c     audio.obj (.data)
                  20000428    00000008     rtsv7M3_T_le_eabi.lib : _lock.obj (.data)
                  20000430    00000008                           : exit.obj (.data)
                  20000438    00000004                           : stkdepth_vars.obj (.data)

.bss       0    2000043c    00000018     UNINITIALIZED
                  2000043c    0000000c     rit128x96x4.obj (.bss)
                  20000448    00000008     audio.obj (.bss)
                  20000450    00000004     timers.obj (.bss)


LINKER GENERATED COPY TABLES

__TI_cinit_table @ 00001e80 records: 2, size/record: 8, table size: 16
	.data: load addr=00001e48, load size=0000001d bytes, run addr=20000400, run size=0000003c bytes, compression=rle
	.bss: load addr=00001e78, load size=00000008 bytes, run addr=2000043c, run size=00000018 bytes, compression=zero_init


LINKER GENERATED HANDLER TABLE

__TI_handler_table @ 00001e68 records: 3, size/record: 4, table size: 12
	index: 0, handler: __TI_decompress_rle24
	index: 1, handler: __TI_decompress_none
	index: 2, handler: __TI_zero_init


GLOBAL SYMBOLS: SORTED ALPHABETICALLY BY Name 

address    name
--------   ----
00000839   AudioHandler
00001119   AudioOn
000011c5   ButtonChanged
0000101d   C$$EXIT
000012f9   CPUcpsid
00001305   CPUcpsie
00001149   GPIODirModeSet
00000929   GPIOPadConfigSet
00001367   GPIOPinRead
00001261   GPIOPinTypeGPIOInput
00001273   GPIOPinTypeGPIOOutput
00001285   GPIOPinTypePWM
00001297   GPIOPinTypeSSI
0000136d   GPIOPinWrite
00000e11   IntEnable
00001311   IntMasterDisable
0000131b   IntMasterEnable
00001177   PWMGenConfigure
00001325   PWMGenDisable
0000132f   PWMGenEnable
00001239   PWMGenPeriodSet
0000120d   PWMOutputInvert
00001223   PWMOutputState
00001385   PWMSyncUpdate
00000da1   RIT128x96x4Clear
000012cd   RIT128x96x4DisplayOff
00000e75   RIT128x96x4Enable
00000b4d   RIT128x96x4ImageDraw
000009f1   RIT128x96x4Init
0000046d   RIT128x96x4StringDraw
00001373   ResetISR
UNDEFED    SHT$$INIT_ARRAY$$Base
UNDEFED    SHT$$INIT_ARRAY$$Limit
00001357   SSIBusy
00000fd9   SSIConfigSetExpClk
00001339   SSIDataPut
00001343   SSIDisable
0000134d   SSIEnable
000002d5   SysCtlClockGet
000005b1   SysCtlClockSet
00001379   SysCtlDelay
0000124d   SysCtlPWMClockSet
00000f39   SysCtlPeripheralEnable
000006f5   Timer0IntHandler
000011a1   TimerConfigure
000012dd   TimerEnable
00001389   TimerIntClear
0000135f   TimerIntEnable
000012a9   TimerLoadSet
00001061   ValidButtonCombo
20000200   __STACK_END
00000200   __STACK_SIZE
20000100   __STACK_TOP
00000200   __SYSMEM_SIZE
00001e80   __TI_CINIT_Base
00001e90   __TI_CINIT_Limit
00001e68   __TI_Handler_Table_Base
00001e74   __TI_Handler_Table_Limit
00000001   __TI_args_main
00000d0d   __TI_auto_init
000012eb   __TI_decompress_none
0000137f   __TI_decompress_rle24
00000000   __TI_static_base__
000012bb   __TI_zero_init
00000ab1   __aeabi_memcpy
00000ab1   __aeabi_memcpy4
00000ab1   __aeabi_memcpy8
ffffffff   __binit__
ffffffff   __c_args__
20000000   __stack
000011f5   _args_main
000010e5   _c_int00
20000430   _cleanup_ptr
20000434   _dtors_ptr
20000428   _lock
000011e9   _nop
000011e3   _register_lock
000011dd   _register_unlock
20000200   _sys_memory
2000042c   _unlock
00001021   abort
20000408   b0
2000040c   b1
20000410   b2
20000414   b3
20000418   b4
ffffffff   binit
00000f91   copy_in
00001029   exit
20000404   first
00000000   g_pfnVectors
20000450   g_ulSystemClock
0000138c   logo
000000f1   main
20000438   main_func_sp
00000ab1   memcpy
20000400   tick
00001e3c   timerDivisor


GLOBAL SYMBOLS: SORTED BY Symbol Address 

address    name
--------   ----
00000000   __TI_static_base__
00000000   g_pfnVectors
00000001   __TI_args_main
000000f1   main
00000200   __STACK_SIZE
00000200   __SYSMEM_SIZE
000002d5   SysCtlClockGet
0000046d   RIT128x96x4StringDraw
000005b1   SysCtlClockSet
000006f5   Timer0IntHandler
00000839   AudioHandler
00000929   GPIOPadConfigSet
000009f1   RIT128x96x4Init
00000ab1   __aeabi_memcpy
00000ab1   __aeabi_memcpy4
00000ab1   __aeabi_memcpy8
00000ab1   memcpy
00000b4d   RIT128x96x4ImageDraw
00000d0d   __TI_auto_init
00000da1   RIT128x96x4Clear
00000e11   IntEnable
00000e75   RIT128x96x4Enable
00000f39   SysCtlPeripheralEnable
00000f91   copy_in
00000fd9   SSIConfigSetExpClk
0000101d   C$$EXIT
00001021   abort
00001029   exit
00001061   ValidButtonCombo
000010e5   _c_int00
00001119   AudioOn
00001149   GPIODirModeSet
00001177   PWMGenConfigure
000011a1   TimerConfigure
000011c5   ButtonChanged
000011dd   _register_unlock
000011e3   _register_lock
000011e9   _nop
000011f5   _args_main
0000120d   PWMOutputInvert
00001223   PWMOutputState
00001239   PWMGenPeriodSet
0000124d   SysCtlPWMClockSet
00001261   GPIOPinTypeGPIOInput
00001273   GPIOPinTypeGPIOOutput
00001285   GPIOPinTypePWM
00001297   GPIOPinTypeSSI
000012a9   TimerLoadSet
000012bb   __TI_zero_init
000012cd   RIT128x96x4DisplayOff
000012dd   TimerEnable
000012eb   __TI_decompress_none
000012f9   CPUcpsid
00001305   CPUcpsie
00001311   IntMasterDisable
0000131b   IntMasterEnable
00001325   PWMGenDisable
0000132f   PWMGenEnable
00001339   SSIDataPut
00001343   SSIDisable
0000134d   SSIEnable
00001357   SSIBusy
0000135f   TimerIntEnable
00001367   GPIOPinRead
0000136d   GPIOPinWrite
00001373   ResetISR
00001379   SysCtlDelay
0000137f   __TI_decompress_rle24
00001385   PWMSyncUpdate
00001389   TimerIntClear
0000138c   logo
00001e3c   timerDivisor
00001e68   __TI_Handler_Table_Base
00001e74   __TI_Handler_Table_Limit
00001e80   __TI_CINIT_Base
00001e90   __TI_CINIT_Limit
20000000   __stack
20000100   __STACK_TOP
20000200   __STACK_END
20000200   _sys_memory
20000400   tick
20000404   first
20000408   b0
2000040c   b1
20000410   b2
20000414   b3
20000418   b4
20000428   _lock
2000042c   _unlock
20000430   _cleanup_ptr
20000434   _dtors_ptr
20000438   main_func_sp
20000450   g_ulSystemClock
ffffffff   __binit__
ffffffff   __c_args__
ffffffff   binit
UNDEFED    SHT$$INIT_ARRAY$$Base
UNDEFED    SHT$$INIT_ARRAY$$Limit

[98 symbols]
